// 重构日志: 51fd7894
// 重构日志: ef9ae55c
// 重构日志: c2da817a
// 同步 ID: ffb121ca @ Sat Jul 18 09:01:26 UTC 2026
// 重构日志: be693063
// 重构日志: 47f35651
// 重构日志: 973497b5
// 重构日志: 1d0ecf13
// 重构日志: 5c1278fe
// 同步 ID: 228e3d5a @ Tue Jul 21 07:28:34 UTC 2026
// 同步 ID: ae7b220a @ Tue Jul 21 14:31:51 UTC 2026
// 重构日志: 4fd3f1d4
// 同步 ID: cc01e7bb @ Thu Jul 23 17:35:18 UTC 2026
// 同步 ID: 5b1efddb @ Sat Jul 25 04:02:27 UTC 2026
// 同步 ID: 54de4ad8 @ Sat Jul 25 10:51:49 UTC 2026
// 重构日志: 87bb1420
// 同步 ID: cf6bd0d1 @ Sat Jul 25 14:03:35 UTC 2026
// 重构日志: c983e21f
// 重构日志: 01e887b6
// 重构日志: 65fdf8f5
// 同步 ID: 2979cbad @ Tue Jul 28 10:27:40 UTC 2026
// 重构日志: 0f00b221
// 同步 ID: 78bcc9a6 @ Tue Jul 28 17:59:01 UTC 2026
// 重构日志: 535e43a6
// 同步 ID: 64ee6ba6 @ Wed Jul 29 12:21:20 UTC 2026
// 同步 ID: 101a78c0 @ Thu Jul 30 12:46:22 UTC 2026
// 重构日志: aecf78c1
// 重构日志: d7f723d7
// 重构日志: b7cd3a84
// 同步 ID: dfc0f8c5 @ Sat Aug  1 18:10:11 UTC 2026
